
================================================================================
RESILIENT-NANO-TRAINER INTEGRATION TESTS
================================================================================
Started: 2026-01-13 12:54:18

[SETUP] Initializing components...
  ✓ All components initialized

================================================================================
CATEGORY 1: COMPONENT INITIALIZATION TESTS
================================================================================

[1.1] Testing Module Inventory...
  ✓ Module count is 215
  ✓ Can get module m001

[1.2] Testing Enhanced Inventory...
  ✓ Enhanced inventory has 215 modules
  ✓ Has superintelligences

[1.3] Testing DeepALL Integration...
  ✓ DeepALL Integration initialized
  ✓ Has superintelligences

[1.4] Testing Reward System...
  ✓ Reward in valid range [-1, 1]

[1.5] Testing Resilient Nano Config...
  ✓ ARS alpha is 2.0
  ✓ Num epochs is 10
  ✓ Num modules is 5

================================================================================
CATEGORY 2: MODULE SELECTION TESTS
================================================================================

[2.1] Testing Basic Module Selection...
  ✓ Selected 5 modules
  ✓ All modules are strings

[2.2] Testing SI-Aware Selection...
  ✓ Selected 3 modules
  ✓ All modules are strings

[2.3] Testing Learning-Aware Selection...
  ✓ Selected 4 modules
  ✓ All modules are strings

[2.4] Testing Performance-Aware Selection...
  ✓ Selected 4 modules
  ✓ All modules are strings

[2.5] Testing Different Selection Sizes...
  ✓ Selected 1 modules
  ✓ Selected 3 modules
  ✓ Selected 5 modules
  ✓ Selected 10 modules

================================================================================
CATEGORY 3: SYNERGY DETECTION TESTS
================================================================================

[3.1] Testing Basic Synergy Detection...
  ✓ Synergies detected
  ✓ Score in valid range

[3.2] Testing Synergy with Optimal Modules...
  ✓ Optimal modules have positive synergy

[3.3] Testing Synergy Consistency...
  ✓ Synergy scores are consistent

[3.4] Testing Conflict Detection...
  ✓ Conflicts detected
  ✓ Conflict score in [0, 1]

================================================================================
CATEGORY 4: RESILIENT NANO TRAINER TESTS
================================================================================

[4.1] Testing Trainer Initialization...
  ✓ Trainer initialized
  ✓ Config has 5 modules

[4.2] Testing Module Selection via Trainer...
  ✓ Selected 5 modules

[4.3] Testing Configuration Variations...
  ✓ Config1 alpha is 1.0
  ✓ Config2 alpha is 3.0

[4.4] Testing Resilience Metrics...
  ✓ Initial steps is 0
  ✓ Initial recovery is 0

================================================================================
CATEGORY 5: TRAINING REPORT TESTS
================================================================================

[5.1] Testing Report Generation...
  ✓ Report generated
  ✓ Report has timestamp

[5.2] Testing Report Structure...
  ✓ Has total_modules_trained
  ✓ Has total_training_steps
  ✓ Has config

[5.3] Testing Report Metrics...
  ✓ Modules in valid range
  ✓ Steps in valid range

================================================================================
CATEGORY 6: DATA INTEGRITY TESTS
================================================================================

[6.1] Testing Module Data Consistency...
  ✓ Same module returns same data

[6.2] Testing Superintelligence Data...
  ✓ SI info retrieved

[6.3] Testing No Data Loss...
  ✓ All 215 modules present

================================================================================
CATEGORY 7: EDGE CASES AND ERROR HANDLING
================================================================================

[7.1] Testing Single Module Selection...
  ✓ Selected 1 module

[7.2] Testing Large Module Selection...
  ✓ Selected 50 modules

[7.3] Testing All Modules Selection...
  ✓ Selected all 215 modules

[7.4] Testing Duplicate Handling...
  ✓ Handles duplicates gracefully

================================================================================
TEST SUMMARY
================================================================================
Total Tests: 49
Passed: 49 ✓
Failed: 0 ✗
Success Rate: 100.0%

Completed: 2026-01-13 12:54:22
================================================================================

